
[1m[46m RUN [49m[22m [36mv3.2.4 [39m[90mC:/Users/andyvand/Dev/personal/opencode-antigravity-auth-fork[39m

 [32mΓ£ô[39m src/plugin/rotation.test.ts [2m([22m[2m59 tests[22m[2m)[22m[32m 54[2mms[22m[39m
node.exe : [90mstderr[2m | 
src/plugin/transform/gemini.t
est.ts[2m > [22m[2mtransfo
rm/gemini[2m > [22m[2mbuil
dImageGenerationConfig[2m > 
[22m[2mfalls back to 1:1 
for invalid aspect ratio
At line:1 char:1
+ & 
"C:\nvm4w\nodejs/node.exe" "C
:\nvm4w\nodejs/node_modules/n
pm/bin/np ...
+ ~~~~~~~~~~~~~~~~~~~~~~~~~~~
~~~~~~~~~~~~~~~~~~~~~~~~~~~~~
~~~~~~~~~~~~~
    + CategoryInfo           
   : NotSpecified: ([90mst  
  derr[2m...id aspect rat   
 io:String) [], RemoteExc    
eption
    + FullyQualifiedErrorId  
   : NativeCommandError
 
[22m[39m[gemini] Invalid 
aspect ratio "invalid". 
Using default "1:1". Valid 
values: 1:1, 2:3, 3:2, 3:4, 
4:3, 4:5, 5:4, 9:16, 16:9, 
21:9

[90mstderr[2m | src/plugin/
transform/gemini.test.ts[2m 
> [22m[2mtransform/gemini[
2m > [22m[2mbuildImageGener
ationConfig[2m > 
[22m[2mfalls back to 1:1 
for unsupported aspect ratio
[22m[39m[gemini] Invalid 
aspect ratio "5:3". Using 
default "1:1". Valid values: 
1:1, 2:3, 3:2, 3:4, 4:3, 
4:5, 5:4, 9:16, 16:9, 21:9

 [32mΓ£ô[39m src/plugin/transform/gemini.test.ts [2m([22m[2m129 tests[22m[2m)[22m[32m 51[2mms[22m[39m
 [32mΓ£ô[39m src/plugin/config/updater.test.ts [2m([22m[2m15 tests[22m[2m)[22m[32m 164[2mms[22m[39m
 [32mΓ£ô[39m src/plugin/storage.test.ts [2m([22m[2m22 tests[22m[2m)[22m[32m 30[2mms[22m[39m
 [32mΓ£ô[39m src/plugin/accounts.test.ts [2m([22m[2m95 tests[22m[2m)[22m[32m 62[2mms[22m[39m
 [32mΓ£ô[39m src/plugin/transform/claude.test.ts [2m([22m[2m67 tests[22m[2m)[22m[32m 28[2mms[22m[39m
 [32mΓ£ô[39m src/plugin/request-helpers.test.ts [2m([22m[2m146 tests[22m[2m)[22m[32m 99[2mms[22m[39m
 [32mΓ£ô[39m src/hooks/auto-update-checker/index.test.ts [2m([22m[2m11 tests[22m[2m)[22m[32m 24[2mms[22m[39m
 [32mΓ£ô[39m src/plugin/persist-account-pool.test.ts [2m([22m[2m38 tests[22m[2m | [22m[33m25 skipped[39m[2m)[22m[32m 26[2mms[22m[39m
 [32mΓ£ô[39m src/plugin/request.test.ts [2m([22m[2m91 tests[22m[2m)[22m[32m 54[2mms[22m[39m
 [32mΓ£ô[39m src/plugin/auth.test.ts [2m([22m[2m19 tests[22m[2m)[22m[32m 15[2mms[22m[39m
 [32mΓ£ô[39m src/plugin/cache.test.ts [2m([22m[2m25 tests[22m[2m)[22m[32m 22[2mms[22m[39m
 [32mΓ£ô[39m src/plugin/token.test.ts [2m([22m[2m3 tests[22m[2m)[22m[32m 18[2mms[22m[39m
 [32mΓ£ô[39m src/plugin/transform/cross-model-sanitizer.test.ts [2m([22m[2m28 tests[22m[2m)[22m[32m 16[2mms[22m[39m
 [32mΓ£ô[39m src/plugin/quota-fallback.test.ts [2m([22m[2m11 tests[22m[2m)[22m[33m 2403[2mms[22m[39m
 [32mΓ£ô[39m src/plugin/transform/model-resolver.test.ts [2m([22m[2m34 tests[22m[2m)[22m[32m 17[2mms[22m[39m
 [32mΓ£ô[39m src/constants.test.ts [2m([22m[2m9 tests[22m[2m)[22m[32m 13[2mms[22m[39m
 [32mΓ£ô[39m src/plugin/ui/auth-menu.test.ts [2m([22m[2m12 tests[22m[2m)[22m[33m 1506[2mms[22m[39m
   [33m[2mΓ£ô[22m[39m auth-menu helpers[2m > [22mformatRelativeTime[2m > [22mreturns formatted date for 30+ days [33m 1497[2mms[22m[39m
 [32mΓ£ô[39m src/plugin/cross-model-integration.test.ts [2m([22m[2m14 tests[22m[2m)[22m[32m 27[2mms[22m[39m
 [32mΓ£ô[39m src/plugin/recovery.test.ts [2m([22m[2m26 tests[22m[2m)[22m[32m 12[2mms[22m[39m
 [32mΓ£ô[39m src/plugin/antigravity-first-fallback.test.ts [2m([22m[2m8 tests[22m[2m)[22m[32m 13[2mms[22m[39m
 [32mΓ£ô[39m src/plugin/config/schema.test.ts [2m([22m[2m2 tests[22m[2m)[22m[32m 15[2mms[22m[39m
 [32mΓ£ô[39m src/plugin/refresh-queue.test.ts [2m([22m[2m4 tests[22m[2m)[22m[32m 9[2mms[22m[39m
 [32mΓ£ô[39m src/plugin/model-specific-quota.test.ts [2m([22m[2m4 tests[22m[2m)[22m[32m 8[2mms[22m[39m
 [32mΓ£ô[39m src/plugin/ui/ansi.test.ts [2m([22m[2m13 tests[22m[2m)[22m[32m 9[2mms[22m[39m
 [32mΓ£ô[39m src/plugin/config/models.test.ts [2m([22m[2m3 tests[22m[2m)[22m[32m 6[2mms[22m[39m

[2m Test Files [22m [1m[32m26 passed[39m[22m[90m (26)[39m
[2m      Tests [22m [1m[32m863 passed[39m[22m[2m | [22m[90m25 todo[39m[90m (888)[39m
[2m   Start at [22m 15:34:55
[2m   Duration [22m 4.65s[2m (transform 3.97s, setup 0ms, collect 7.78s, tests 4.70s, environment 9ms, prepare 7.29s)[22m

