
[1m[46m RUN [49m[22m [36mv3.2.4 [39m[90mC:/Users/andyvand/Dev/personal/opencode-antigravity-auth-fork[39m

 [32mΓ£ô[39m src/plugin/ui/auth-menu.test.ts [2m([22m[2m12 tests[22m[2m)[22m[32m 40[2mms[22m[39m
 [32mΓ£ô[39m src/plugin/rotation.test.ts [2m([22m[2m59 tests[22m[2m)[22m[32m 56[2mms[22m[39m
 [32mΓ£ô[39m src/plugin/config/updater.test.ts [2m([22m[2m15 tests[22m[2m)[22m[32m 157[2mms[22m[39m
 [32mΓ£ô[39m src/plugin/accounts.test.ts [2m([22m[2m95 tests[22m[2m)[22m[32m 78[2mms[22m[39m
 [32mΓ£ô[39m src/plugin/request-helpers.test.ts [2m([22m[2m146 tests[22m[2m)[22m[32m 82[2mms[22m[39m
 [32mΓ£ô[39m src/plugin/transform/gemini.test.ts [2m([22m[2m129 tests[22m[2m)[22m[32m 78[2mms[22m[39m
 [32mΓ£ô[39m src/plugin/storage.test.ts [2m([22m[2m22 tests[22m[2m)[22m[32m 29[2mms[22m[39m
 [32mΓ£ô[39m src/plugin/transform/claude.test.ts [2m([22m[2m67 tests[22m[2m)[22m[32m 27[2mms[22m[39m
 [32mΓ£ô[39m src/plugin/cross-model-integration.test.ts [2m([22m[2m14 tests[22m[2m)[22m[32m 13[2mms[22m[39m
 [32mΓ£ô[39m src/plugin/persist-account-pool.test.ts [2m([22m[2m38 tests[22m[2m | [22m[33m25 skipped[39m[2m)[22m[32m 26[2mms[22m[39m
 [32mΓ£ô[39m src/plugin/request.test.ts [2m([22m[2m91 tests[22m[2m)[22m[32m 44[2mms[22m[39m
 [32mΓ£ô[39m src/plugin/cache.test.ts [2m([22m[2m25 tests[22m[2m)[22m[32m 21[2mms[22m[39m
 [32mΓ£ô[39m src/hooks/auto-update-checker/index.test.ts [2m([22m[2m11 tests[22m[2m)[22m[32m 24[2mms[22m[39m
 [32mΓ£ô[39m src/plugin/token.test.ts [2m([22m[2m3 tests[22m[2m)[22m[32m 16[2mms[22m[39m
 [32mΓ£ô[39m src/plugin/transform/model-resolver.test.ts [2m([22m[2m34 tests[22m[2m)[22m[32m 15[2mms[22m[39m
 [32mΓ£ô[39m src/plugin/transform/cross-model-sanitizer.test.ts [2m([22m[2m28 tests[22m[2m)[22m[32m 16[2mms[22m[39m
 [32mΓ£ô[39m src/plugin/quota-fallback.test.ts [2m([22m[2m11 tests[22m[2m)[22m[33m 2776[2mms[22m[39m
 [32mΓ£ô[39m src/plugin/auth.test.ts [2m([22m[2m19 tests[22m[2m)[22m[32m 13[2mms[22m[39m
 [32mΓ£ô[39m src/plugin/config/schema.test.ts [2m([22m[2m2 tests[22m[2m)[22m[32m 7[2mms[22m[39m
 [32mΓ£ô[39m src/constants.test.ts [2m([22m[2m9 tests[22m[2m)[22m[32m 14[2mms[22m[39m
 [32mΓ£ô[39m src/plugin/antigravity-first-fallback.test.ts [2m([22m[2m8 tests[22m[2m)[22m[32m 11[2mms[22m[39m
 [32mΓ£ô[39m src/plugin/ui/ansi.test.ts [2m([22m[2m13 tests[22m[2m)[22m[32m 9[2mms[22m[39m
 [32mΓ£ô[39m src/plugin/recovery.test.ts [2m([22m[2m26 tests[22m[2m)[22m[32m 11[2mms[22m[39m
 [32mΓ£ô[39m src/plugin/refresh-queue.test.ts [2m([22m[2m4 tests[22m[2m)[22m[32m 10[2mms[22m[39m
 [32mΓ£ô[39m src/plugin/config/models.test.ts [2m([22m[2m3 tests[22m[2m)[22m[32m 6[2mms[22m[39m
 [32mΓ£ô[39m src/plugin/model-specific-quota.test.ts [2m([22m[2m4 tests[22m[2m)[22m[32m 7[2mms[22m[39m

[2m Test Files [22m [1m[32m26 passed[39m[22m[90m (26)[39m
[2m      Tests [22m [1m[32m863 passed[39m[22m[2m | [22m[90m25 todo[39m[90m (888)[39m
[2m   Start at [22m 15:35:18
[2m   Duration [22m 4.54s[2m (transform 5.09s, setup 0ms, collect 8.77s, tests 3.59s, environment 8ms, prepare 7.00s)[22m

